[file observer]: druid(10 20) [ElvenDruid]kill orc(45 65) [BloodOrc]
